Copyright 1986-2020 Xilinx, Inc. All Rights Reserved.
-----------------------------------------------------------------------------------------------
| Tool Version : Vivado v.2020.2 (win64) Build 3064766 Wed Nov 18 09:12:45 MST 2020
| Date         : Tue Jun 30 08:38:59 2026
| Host         : DESKTOP-7CFQ9ND running 64-bit major release  (build 9200)
| Command      : report_control_sets -verbose -file axi_system_wrapper_control_sets_placed.rpt
| Design       : axi_system_wrapper
| Device       : xc7a35t
-----------------------------------------------------------------------------------------------

Control Set Information

Table of Contents
-----------------
1. Summary
2. Histogram
3. Flip-Flop Distribution
4. Detailed Control Set Information

1. Summary
----------

+----------------------------------------------------------+-------+
|                          Status                          | Count |
+----------------------------------------------------------+-------+
| Total control sets                                       |   167 |
|    Minimum number of control sets                        |   167 |
|    Addition due to synthesis replication                 |     0 |
|    Addition due to physical synthesis replication        |     0 |
| Unused register locations in slices containing registers |   238 |
+----------------------------------------------------------+-------+
* Control sets can be merged at opt_design using control_set_merge or merge_equivalent_drivers
** Run report_qor_suggestions for automated merging and remapping suggestions


2. Histogram
------------

+--------------------+-------+
|       Fanout       | Count |
+--------------------+-------+
| Total control sets |   167 |
| >= 0 to < 4        |    10 |
| >= 4 to < 6        |     9 |
| >= 6 to < 8        |     7 |
| >= 8 to < 10       |    88 |
| >= 10 to < 12      |    11 |
| >= 12 to < 14      |     0 |
| >= 14 to < 16      |     0 |
| >= 16              |    42 |
+--------------------+-------+
* Control sets can be remapped at either synth_design or opt_design


3. Flip-Flop Distribution
-------------------------

+--------------+-----------------------+------------------------+-----------------+--------------+
| Clock Enable | Synchronous Set/Reset | Asynchronous Set/Reset | Total Registers | Total Slices |
+--------------+-----------------------+------------------------+-----------------+--------------+
| No           | No                    | No                     |             192 |           72 |
| No           | No                    | Yes                    |              92 |           28 |
| No           | Yes                   | No                     |             355 |          129 |
| Yes          | No                    | No                     |             233 |           59 |
| Yes          | No                    | Yes                    |              97 |           25 |
| Yes          | Yes                   | No                     |            1673 |          441 |
+--------------+-----------------------+------------------------+-----------------+--------------+


4. Detailed Control Set Information
-----------------------------------

+--------------------------------------------------------------+--------------------------------------------------------------------------------------------------------------------------------------------------------------------------------------------------------------+--------------------------------------------------------------------------------------------------------------------------------------------------+------------------+----------------+--------------+
|                         Clock Signal                         |                                                                                                 Enable Signal                                                                                                |                                                                 Set/Reset Signal                                                                 | Slice Load Count | Bel Load Count | Bels / Slice |
+--------------------------------------------------------------+--------------------------------------------------------------------------------------------------------------------------------------------------------------------------------------------------------------+--------------------------------------------------------------------------------------------------------------------------------------------------+------------------+----------------+--------------+
| ~axi_system_i/mdm_1/U0/No_Dbg_Reg_Access.BUFG_DRCK/Dbg_Clk_0 | axi_system_i/mdm_1/U0/MDM_Core_I1/JTAG_CONTROL_I/Use_BSCAN.FDC_I/CE                                                                                                                                          | axi_system_i/mdm_1/U0/MDM_Core_I1/JTAG_CONTROL_I/Use_BSCAN.FDC_I/D                                                                               |                1 |              1 |         1.00 |
|  axi_system_i/clk_wiz_1/inst/clk_out1                        |                                                                                                                                                                                                              | axi_system_i/microblaze_0/U0/MicroBlaze_Core_I/Performance.Core/Use_Debug_Logic.Master_Core.Debug_Perf/capture_1                                 |                1 |              1 |         1.00 |
|  axi_system_i/mdm_1/U0/No_Dbg_Reg_Access.BUFG_DRCK/Dbg_Clk_0 | axi_system_i/mdm_1/U0/Use_E2.BSCAN_I/Use_BSCAN.PORT_Selector_reg[0]                                                                                                                                          | axi_system_i/mdm_1/U0/MDM_Core_I1/JTAG_CONTROL_I/Functional_Reset                                                                                |                1 |              1 |         1.00 |
|  axi_system_i/mdm_1/U0/Use_E2.BSCAN_I/Dbg_Update_0_BUFG      | axi_system_i/microblaze_0/U0/MicroBlaze_Core_I/Performance.Core/Use_Debug_Logic.Master_Core.Debug_Perf/Control_Reg_En                                                                                        | axi_system_i/microblaze_0/U0/MicroBlaze_Core_I/Performance.Core/Use_Debug_Logic.Master_Core.Debug_Perf/Serial_Dbg_Intf.continue_from_brk_reg_n_0 |                1 |              1 |         1.00 |
|  axi_system_i/mdm_1/U0/Use_E2.BSCAN_I/Dbg_Update_0_BUFG      | axi_system_i/microblaze_0/U0/MicroBlaze_Core_I/Performance.Core/Use_Debug_Logic.Master_Core.Debug_Perf/Control_Reg_En                                                                                        | axi_system_i/microblaze_0/U0/MicroBlaze_Core_I/Performance.Core/Use_Debug_Logic.Master_Core.Debug_Perf/Serial_Dbg_Intf.normal_stop_cmd_i_reg_n_0 |                1 |              1 |         1.00 |
|  axi_system_i/mdm_1/U0/Use_E2.BSCAN_I/Dbg_Update_0_BUFG      | axi_system_i/microblaze_0/U0/MicroBlaze_Core_I/Performance.Core/Use_Debug_Logic.Master_Core.Debug_Perf/Control_Reg_En                                                                                        | axi_system_i/microblaze_0/U0/MicroBlaze_Core_I/Performance.Core/Use_Debug_Logic.Master_Core.Debug_Perf/Serial_Dbg_Intf.force_stop_cmd_i_reg_0    |                1 |              1 |         1.00 |
|  axi_system_i/mdm_1/U0/Use_E2.BSCAN_I/Dbg_Update_0_BUFG      | axi_system_i/microblaze_0/U0/MicroBlaze_Core_I/Performance.Core/Use_Debug_Logic.Master_Core.Debug_Perf/Control_Reg_En                                                                                        | axi_system_i/microblaze_0/U0/MicroBlaze_Core_I/Performance.Core/Use_Debug_Logic.Master_Core.Debug_Perf/start_single_step_reg_n_0                 |                1 |              1 |         1.00 |
| ~axi_system_i/mdm_1/U0/Use_E2.BSCAN_I/Dbg_Update_0_BUFG      |                                                                                                                                                                                                              | axi_system_i/mdm_1/U0/MDM_Core_I1/JTAG_CONTROL_I/sel_n                                                                                           |                1 |              1 |         1.00 |
|  axi_system_i/mdm_1/U0/Use_E2.BSCAN_I/Dbg_Update_0_BUFG      | axi_system_i/microblaze_0/U0/MicroBlaze_Core_I/Performance.Core/Use_Debug_Logic.Master_Core.Debug_Perf/Command_Reg_En                                                                                        | axi_system_i/microblaze_0/U0/MicroBlaze_Core_I/Performance.Core/Use_Debug_Logic.Master_Core.Debug_Perf/command_reg_clear                         |                1 |              2 |         2.00 |
|  axi_system_i/mdm_1/U0/Use_E2.BSCAN_I/Dbg_Update_0_BUFG      |                                                                                                                                                                                                              |                                                                                                                                                  |                2 |              3 |         1.50 |
|  axi_system_i/clk_wiz_1/inst/clk_out1                        |                                                                                                                                                                                                              | axi_system_i/rst_clk_wiz_1_100M/U0/bus_struct_reset[0]                                                                                           |                3 |              4 |         1.33 |
|  axi_system_i/mdm_1/U0/No_Dbg_Reg_Access.BUFG_DRCK/Dbg_Clk_0 | axi_system_i/mdm_1/U0/MDM_Core_I1/TDI_Shifter0                                                                                                                                                               | axi_system_i/mdm_1/U0/Use_E2.BSCAN_I/AR[0]                                                                                                       |                1 |              4 |         4.00 |
|  axi_system_i/clk_wiz_1/inst/clk_out1                        |                                                                                                                                                                                                              | axi_system_i/axi_intc_0/U0/AXI_LITE_IPIF_I/I_SLAVE_ATTACHMENT/clear                                                                              |                1 |              4 |         4.00 |
|  axi_system_i/mdm_1/U0/Use_E2.BSCAN_I/Dbg_Update_0_BUFG      | axi_system_i/mdm_1/U0/MDM_Core_I1/MDM_SEL                                                                                                                                                                    | axi_system_i/mdm_1/U0/Use_E2.BSCAN_I/AR[0]                                                                                                       |                1 |              4 |         4.00 |
|  axi_system_i/clk_wiz_1/inst/clk_out1                        | axi_system_i/axi_intc_0/U0/AXI_LITE_IPIF_I/I_SLAVE_ATTACHMENT/s_axi_rresp_i                                                                                                                                  | axi_system_i/axi_intc_0/U0/AXI_LITE_IPIF_I/I_SLAVE_ATTACHMENT/rst                                                                                |                2 |              4 |         2.00 |
| ~axi_system_i/mdm_1/U0/Use_E2.BSCAN_I/Dbg_Update_0_BUFG      |                                                                                                                                                                                                              | axi_system_i/mdm_1/U0/Use_E2.BSCAN_I/AR[0]                                                                                                       |                1 |              4 |         4.00 |
|  axi_system_i/clk_wiz_1/inst/clk_out1                        |                                                                                                                                                                                                              | axi_system_i/rst_clk_wiz_1_100M/U0/EXT_LPF/lpf_int                                                                                               |                2 |              5 |         2.50 |
|  axi_system_i/clk_wiz_1/inst/clk_out1                        | axi_system_i/microblaze_0/U0/MicroBlaze_Core_I/Performance.Core/Decode_I/wb_Halted                                                                                                                           | axi_system_i/microblaze_0/U0/MicroBlaze_Core_I/sync_reset                                                                                        |                1 |              5 |         5.00 |
|  axi_system_i/mdm_1/U0/Use_E2.BSCAN_I/Dbg_Update_0_BUFG      | axi_system_i/microblaze_0/U0/MicroBlaze_Core_I/Performance.Core/Use_Debug_Logic.Master_Core.Debug_Perf/Control_Reg_En                                                                                        |                                                                                                                                                  |                1 |              5 |         5.00 |
|  axi_system_i/mdm_1/U0/No_Dbg_Reg_Access.BUFG_DRCK/Dbg_Clk_0 | axi_system_i/mdm_1/U0/MDM_Core_I1/JTAG_CONTROL_I/Use_BSCAN.FDC_I/sample_1                                                                                                                                    |                                                                                                                                                  |                1 |              6 |         6.00 |
|  axi_system_i/mdm_1/U0/No_Dbg_Reg_Access.BUFG_DRCK/Dbg_Clk_0 | axi_system_i/mdm_1/U0/Use_E2.BSCAN_I/sel                                                                                                                                                                     |                                                                                                                                                  |                3 |              6 |         2.00 |
|  axi_system_i/mdm_1/U0/No_Dbg_Reg_Access.BUFG_DRCK/Dbg_Clk_0 | axi_system_i/mdm_1/U0/Use_E2.BSCAN_I/Use_BSCAN.command_reg[6]                                                                                                                                                |                                                                                                                                                  |                1 |              6 |         6.00 |
|  axi_system_i/clk_wiz_1/inst/clk_out1                        | axi_system_i/rst_clk_wiz_1_100M/U0/SEQ/seq_cnt_en                                                                                                                                                            | axi_system_i/rst_clk_wiz_1_100M/U0/SEQ/SEQ_COUNTER/clear                                                                                         |                2 |              6 |         3.00 |
|  axi_system_i/clk_wiz_1/inst/clk_out1                        | axi_system_i/spi_axi_0/inst/u_spi_master/rx_shift_reg[6]_i_1_n_0                                                                                                                                             | axi_system_i/spi_axi_0/inst/spi_axi_v1_0_S00_AXI_inst/ACTIVE_LOW_PR_OUT_DFF[0].FDRE_PER_N                                                        |                2 |              7 |         3.50 |
|  axi_system_i/clk_wiz_1/inst/clk_out1                        | axi_system_i/spi_axi_0/inst/u_spi_slave/tx_shift[6]_i_1_n_0                                                                                                                                                  | axi_system_i/spi_axi_0/inst/spi_axi_v1_0_S00_AXI_inst/ACTIVE_LOW_PR_OUT_DFF[0].FDRE_PER_N                                                        |                2 |              7 |         3.50 |
|  axi_system_i/clk_wiz_1/inst/clk_out1                        | axi_system_i/spi_axi_0/inst/u_spi_slave/rx_shift[6]_i_1_n_0                                                                                                                                                  | axi_system_i/spi_axi_0/inst/spi_axi_v1_0_S00_AXI_inst/ACTIVE_LOW_PR_OUT_DFF[0].FDRE_PER_N                                                        |                1 |              7 |         7.00 |
|  axi_system_i/clk_wiz_1/inst/clk_out1                        | axi_system_i/gpio_1/inst/gpio_v1_0_S00_AXI_inst/slv_reg3[23]_i_1_n_0                                                                                                                                         | axi_system_i/gpio_1/inst/gpio_v1_0_S00_AXI_inst/axi_awready_i_1_n_0                                                                              |                1 |              8 |         8.00 |
|  axi_system_i/clk_wiz_1/inst/clk_out1                        | axi_system_i/gpio_1/inst/gpio_v1_0_S00_AXI_inst/slv_reg3[31]_i_1_n_0                                                                                                                                         | axi_system_i/gpio_1/inst/gpio_v1_0_S00_AXI_inst/axi_awready_i_1_n_0                                                                              |                2 |              8 |         4.00 |
|  axi_system_i/clk_wiz_1/inst/clk_out1                        | axi_system_i/gpio_1/inst/gpio_v1_0_S00_AXI_inst/slv_reg3[7]_i_1_n_0                                                                                                                                          | axi_system_i/gpio_1/inst/gpio_v1_0_S00_AXI_inst/axi_awready_i_1_n_0                                                                              |                1 |              8 |         8.00 |
|  axi_system_i/clk_wiz_1/inst/clk_out1                        | axi_system_i/gpio_2/inst/gpio_v1_0_S00_AXI_inst/slv_reg3[15]_i_1_n_0                                                                                                                                         | axi_system_i/gpio_2/inst/gpio_v1_0_S00_AXI_inst/axi_awready_i_1_n_0                                                                              |                1 |              8 |         8.00 |
|  axi_system_i/clk_wiz_1/inst/clk_out1                        | axi_system_i/gpio_2/inst/gpio_v1_0_S00_AXI_inst/slv_reg3[23]_i_1_n_0                                                                                                                                         | axi_system_i/gpio_2/inst/gpio_v1_0_S00_AXI_inst/axi_awready_i_1_n_0                                                                              |                2 |              8 |         4.00 |
|  axi_system_i/clk_wiz_1/inst/clk_out1                        | axi_system_i/gpio_2/inst/gpio_v1_0_S00_AXI_inst/slv_reg3[7]_i_1_n_0                                                                                                                                          | axi_system_i/gpio_2/inst/gpio_v1_0_S00_AXI_inst/axi_awready_i_1_n_0                                                                              |                1 |              8 |         8.00 |
|  axi_system_i/clk_wiz_1/inst/clk_out1                        | axi_system_i/gpio_2/inst/gpio_v1_0_S00_AXI_inst/slv_reg2[31]_i_1_n_0                                                                                                                                         | axi_system_i/gpio_2/inst/gpio_v1_0_S00_AXI_inst/axi_awready_i_1_n_0                                                                              |                1 |              8 |         8.00 |
|  axi_system_i/clk_wiz_1/inst/clk_out1                        | axi_system_i/gpio_2/inst/gpio_v1_0_S00_AXI_inst/slv_reg2[7]_i_1_n_0                                                                                                                                          | axi_system_i/gpio_2/inst/gpio_v1_0_S00_AXI_inst/axi_awready_i_1_n_0                                                                              |                1 |              8 |         8.00 |
|  axi_system_i/clk_wiz_1/inst/clk_out1                        | axi_system_i/gpio_2/inst/gpio_v1_0_S00_AXI_inst/slv_reg2[15]_i_1_n_0                                                                                                                                         | axi_system_i/gpio_2/inst/gpio_v1_0_S00_AXI_inst/axi_awready_i_1_n_0                                                                              |                1 |              8 |         8.00 |
|  axi_system_i/clk_wiz_1/inst/clk_out1                        | axi_system_i/gpio_2/inst/gpio_v1_0_S00_AXI_inst/slv_reg2[23]_i_1_n_0                                                                                                                                         | axi_system_i/gpio_2/inst/gpio_v1_0_S00_AXI_inst/axi_awready_i_1_n_0                                                                              |                1 |              8 |         8.00 |
|  axi_system_i/clk_wiz_1/inst/clk_out1                        | axi_system_i/gpio_2/inst/gpio_v1_0_S00_AXI_inst/p_1_in[7]                                                                                                                                                    | axi_system_i/gpio_2/inst/gpio_v1_0_S00_AXI_inst/axi_awready_i_1_n_0                                                                              |                2 |              8 |         4.00 |
|  axi_system_i/clk_wiz_1/inst/clk_out1                        | axi_system_i/gpio_2/inst/gpio_v1_0_S00_AXI_inst/p_1_in[8]                                                                                                                                                    | axi_system_i/gpio_2/inst/gpio_v1_0_S00_AXI_inst/axi_awready_i_1_n_0                                                                              |                1 |              8 |         8.00 |
|  axi_system_i/clk_wiz_1/inst/clk_out1                        | axi_system_i/gpio_2/inst/gpio_v1_0_S00_AXI_inst/p_1_in[16]                                                                                                                                                   | axi_system_i/gpio_2/inst/gpio_v1_0_S00_AXI_inst/axi_awready_i_1_n_0                                                                              |                1 |              8 |         8.00 |
|  axi_system_i/clk_wiz_1/inst/clk_out1                        | axi_system_i/gpio_2/inst/gpio_v1_0_S00_AXI_inst/p_1_in[31]                                                                                                                                                   | axi_system_i/gpio_2/inst/gpio_v1_0_S00_AXI_inst/axi_awready_i_1_n_0                                                                              |                3 |              8 |         2.67 |
|  axi_system_i/mdm_1/U0/No_Dbg_Reg_Access.BUFG_DRCK/Dbg_Clk_0 | axi_system_i/microblaze_0/U0/MicroBlaze_Core_I/Performance.Core/Use_Debug_Logic.Master_Core.Debug_Perf/Using_PC_Breakpoints.All_PC_Brks[0].Serial_Interface_1.address_hit_I/Compare[0].SRLC16E_I/which_pc__0 |                                                                                                                                                  |                7 |              8 |         1.14 |
|  axi_system_i/mdm_1/U0/No_Dbg_Reg_Access.BUFG_DRCK/Dbg_Clk_0 | axi_system_i/mdm_1/U0/MDM_Core_I1/JTAG_CONTROL_I/tdi_shifter0                                                                                                                                                |                                                                                                                                                  |                2 |              8 |         4.00 |
|  axi_system_i/clk_wiz_1/inst/clk_out1                        | axi_system_i/gpio_lcd_bl/inst/gpio_v1_0_S00_AXI_inst/slv_reg2[15]_i_1_n_0                                                                                                                                    | axi_system_i/gpio_lcd_bl/inst/gpio_v1_0_S00_AXI_inst/axi_awready_i_1_n_0                                                                         |                1 |              8 |         8.00 |
|  axi_system_i/mdm_1/U0/Use_E2.BSCAN_I/Dbg_Update_0_BUFG      | axi_system_i/mdm_1/U0/MDM_Core_I1/JTAG_CONTROL_I/Use_BSCAN.FDC_I/command_10                                                                                                                                  |                                                                                                                                                  |                2 |              8 |         4.00 |
| ~axi_system_i/mdm_1/U0/Use_E2.BSCAN_I/Dbg_Update_0_BUFG      | axi_system_i/mdm_1/U0/MDM_Core_I1/JTAG_CONTROL_I/Use_BSCAN.command[0]_i_1_n_0                                                                                                                                |                                                                                                                                                  |                2 |              8 |         4.00 |
|  axi_system_i/clk_wiz_1/inst/clk_out1                        | axi_system_i/spi_axi_0/inst/u_spi_master/tx_shift_reg[7]_i_1_n_0                                                                                                                                             | axi_system_i/spi_axi_0/inst/spi_axi_v1_0_S00_AXI_inst/ACTIVE_LOW_PR_OUT_DFF[0].FDRE_PER_N                                                        |                1 |              8 |         8.00 |
|  axi_system_i/clk_wiz_1/inst/clk_out1                        | axi_system_i/spi_axi_0/inst/u_spi_master/rx_data[7]_i_1_n_0                                                                                                                                                  | axi_system_i/spi_axi_0/inst/spi_axi_v1_0_S00_AXI_inst/ACTIVE_LOW_PR_OUT_DFF[0].FDRE_PER_N                                                        |                2 |              8 |         4.00 |
|  axi_system_i/clk_wiz_1/inst/clk_out1                        | axi_system_i/spi_axi_0/inst/u_spi_slave/done_i_1__0_n_0                                                                                                                                                      | axi_system_i/spi_axi_0/inst/spi_axi_v1_0_S00_AXI_inst/ACTIVE_LOW_PR_OUT_DFF[0].FDRE_PER_N                                                        |                1 |              8 |         8.00 |
|  axi_system_i/clk_wiz_1/inst/clk_out1                        | axi_system_i/timer_two_0/inst/timer_two_v1_0_S00_AXI_inst/slv_reg0[23]_i_1_n_0                                                                                                                               | axi_system_i/timer_two_0/inst/timer_two_v1_0_S00_AXI_inst/SR[0]                                                                                  |                2 |              8 |         4.00 |
|  axi_system_i/clk_wiz_1/inst/clk_out1                        | axi_system_i/timer_two_0/inst/timer_two_v1_0_S00_AXI_inst/slv_reg0[31]_i_1_n_0                                                                                                                               | axi_system_i/timer_two_0/inst/timer_two_v1_0_S00_AXI_inst/SR[0]                                                                                  |                2 |              8 |         4.00 |
|  axi_system_i/clk_wiz_1/inst/clk_out1                        | axi_system_i/timer_two_0/inst/timer_two_v1_0_S00_AXI_inst/slv_reg0[15]_i_1_n_0                                                                                                                               | axi_system_i/timer_two_0/inst/timer_two_v1_0_S00_AXI_inst/SR[0]                                                                                  |                3 |              8 |         2.67 |
|  axi_system_i/clk_wiz_1/inst/clk_out1                        | axi_system_i/timer_two_0/inst/timer_two_v1_0_S00_AXI_inst/slv_reg0[7]_i_1_n_0                                                                                                                                | axi_system_i/timer_two_0/inst/timer_two_v1_0_S00_AXI_inst/SR[0]                                                                                  |                2 |              8 |         4.00 |
|  axi_system_i/clk_wiz_1/inst/clk_out1                        | axi_system_i/timer_two_0/inst/timer_two_v1_0_S00_AXI_inst/slv_reg3[7]_i_1_n_0                                                                                                                                | axi_system_i/timer_two_0/inst/timer_two_v1_0_S00_AXI_inst/SR[0]                                                                                  |                1 |              8 |         8.00 |
|  axi_system_i/clk_wiz_1/inst/clk_out1                        | axi_system_i/timer_two_0/inst/timer_two_v1_0_S00_AXI_inst/slv_reg3[23]_i_1_n_0                                                                                                                               | axi_system_i/timer_two_0/inst/timer_two_v1_0_S00_AXI_inst/SR[0]                                                                                  |                4 |              8 |         2.00 |
|  axi_system_i/clk_wiz_1/inst/clk_out1                        | axi_system_i/timer_two_0/inst/timer_two_v1_0_S00_AXI_inst/slv_reg3[15]_i_1_n_0                                                                                                                               | axi_system_i/timer_two_0/inst/timer_two_v1_0_S00_AXI_inst/SR[0]                                                                                  |                1 |              8 |         8.00 |
|  axi_system_i/clk_wiz_1/inst/clk_out1                        | axi_system_i/timer_two_0/inst/timer_two_v1_0_S00_AXI_inst/slv_reg2[31]_i_1_n_0                                                                                                                               | axi_system_i/timer_two_0/inst/timer_two_v1_0_S00_AXI_inst/SR[0]                                                                                  |                1 |              8 |         8.00 |
|  axi_system_i/clk_wiz_1/inst/clk_out1                        | axi_system_i/timer_two_0/inst/timer_two_v1_0_S00_AXI_inst/slv_reg2[7]_i_1_n_0                                                                                                                                | axi_system_i/timer_two_0/inst/timer_two_v1_0_S00_AXI_inst/SR[0]                                                                                  |                1 |              8 |         8.00 |
|  axi_system_i/clk_wiz_1/inst/clk_out1                        | axi_system_i/timer_two_0/inst/timer_two_v1_0_S00_AXI_inst/slv_reg2[15]_i_1_n_0                                                                                                                               | axi_system_i/timer_two_0/inst/timer_two_v1_0_S00_AXI_inst/SR[0]                                                                                  |                1 |              8 |         8.00 |
|  axi_system_i/clk_wiz_1/inst/clk_out1                        | axi_system_i/timer_two_0/inst/timer_two_v1_0_S00_AXI_inst/slv_reg3[31]_i_1_n_0                                                                                                                               | axi_system_i/timer_two_0/inst/timer_two_v1_0_S00_AXI_inst/SR[0]                                                                                  |                1 |              8 |         8.00 |
|  axi_system_i/clk_wiz_1/inst/clk_out1                        | axi_system_i/timer_two_0/inst/timer_two_v1_0_S00_AXI_inst/slv_reg2[23]_i_1_n_0                                                                                                                               | axi_system_i/timer_two_0/inst/timer_two_v1_0_S00_AXI_inst/SR[0]                                                                                  |                2 |              8 |         4.00 |
|  axi_system_i/clk_wiz_1/inst/clk_out1                        | axi_system_i/timer_two_0/inst/timer_two_v1_0_S00_AXI_inst/p_1_in[8]                                                                                                                                          | axi_system_i/timer_two_0/inst/timer_two_v1_0_S00_AXI_inst/SR[0]                                                                                  |                2 |              8 |         4.00 |
|  axi_system_i/clk_wiz_1/inst/clk_out1                        | axi_system_i/timer_two_0/inst/timer_two_v1_0_S00_AXI_inst/p_1_in[31]                                                                                                                                         | axi_system_i/timer_two_0/inst/timer_two_v1_0_S00_AXI_inst/SR[0]                                                                                  |                2 |              8 |         4.00 |
|  axi_system_i/clk_wiz_1/inst/clk_out1                        | axi_system_i/timer_two_0/inst/timer_two_v1_0_S00_AXI_inst/p_1_in[7]                                                                                                                                          | axi_system_i/timer_two_0/inst/timer_two_v1_0_S00_AXI_inst/SR[0]                                                                                  |                1 |              8 |         8.00 |
|  axi_system_i/clk_wiz_1/inst/clk_out1                        | axi_system_i/timer_two_0/inst/timer_two_v1_0_S00_AXI_inst/p_1_in[16]                                                                                                                                         | axi_system_i/timer_two_0/inst/timer_two_v1_0_S00_AXI_inst/SR[0]                                                                                  |                1 |              8 |         8.00 |
|  axi_system_i/clk_wiz_1/inst/clk_out1                        | axi_system_i/uart_two_0/inst/U_UART/u_rx/E[0]                                                                                                                                                                | axi_system_i/uart_two_0/inst/uart_two_v1_0_S00_AXI_inst/SR[0]                                                                                    |                1 |              8 |         8.00 |
|  axi_system_i/clk_wiz_1/inst/clk_out1                        | axi_system_i/uart_two_0/inst/U_UART/u_rx/valid_i_1_n_0                                                                                                                                                       | axi_system_i/uart_two_0/inst/uart_two_v1_0_S00_AXI_inst/SR[0]                                                                                    |                1 |              8 |         8.00 |
|  axi_system_i/clk_wiz_1/inst/clk_out1                        | axi_system_i/uart_two_0/inst/U_UART/u_tx/shift_reg                                                                                                                                                           | axi_system_i/uart_two_0/inst/uart_two_v1_0_S00_AXI_inst/SR[0]                                                                                    |                1 |              8 |         8.00 |
|  axi_system_i/clk_wiz_1/inst/clk_out1                        | axi_system_i/uart_two_0/inst/uart_two_v1_0_S00_AXI_inst/uart_tdr0__0                                                                                                                                         | axi_system_i/uart_two_0/inst/uart_two_v1_0_S00_AXI_inst/SR[0]                                                                                    |                1 |              8 |         8.00 |
|  axi_system_i/clk_wiz_1/inst/clk_out1                        | axi_system_i/gpio_3/inst/gpio_v1_0_S00_AXI_inst/slv_reg3[31]_i_1_n_0                                                                                                                                         | axi_system_i/gpio_3/inst/gpio_v1_0_S00_AXI_inst/axi_awready_i_1_n_0                                                                              |                1 |              8 |         8.00 |
|  axi_system_i/clk_wiz_1/inst/clk_out1                        | axi_system_i/gpio_0/inst/gpio_v1_0_S00_AXI_inst/p_1_in[8]                                                                                                                                                    | axi_system_i/gpio_0/inst/gpio_v1_0_S00_AXI_inst/axi_awready_i_1_n_0                                                                              |                1 |              8 |         8.00 |
|  axi_system_i/clk_wiz_1/inst/clk_out1                        | axi_system_i/gpio_0/inst/gpio_v1_0_S00_AXI_inst/p_1_in[31]                                                                                                                                                   | axi_system_i/gpio_0/inst/gpio_v1_0_S00_AXI_inst/axi_awready_i_1_n_0                                                                              |                1 |              8 |         8.00 |
|  axi_system_i/clk_wiz_1/inst/clk_out1                        | axi_system_i/gpio_0/inst/gpio_v1_0_S00_AXI_inst/p_1_in[16]                                                                                                                                                   | axi_system_i/gpio_0/inst/gpio_v1_0_S00_AXI_inst/axi_awready_i_1_n_0                                                                              |                1 |              8 |         8.00 |
|  axi_system_i/clk_wiz_1/inst/clk_out1                        | axi_system_i/gpio_0/inst/gpio_v1_0_S00_AXI_inst/slv_reg2[15]_i_1_n_0                                                                                                                                         | axi_system_i/gpio_0/inst/gpio_v1_0_S00_AXI_inst/axi_awready_i_1_n_0                                                                              |                1 |              8 |         8.00 |
|  axi_system_i/clk_wiz_1/inst/clk_out1                        | axi_system_i/gpio_0/inst/gpio_v1_0_S00_AXI_inst/slv_reg3[15]_i_1_n_0                                                                                                                                         | axi_system_i/gpio_0/inst/gpio_v1_0_S00_AXI_inst/axi_awready_i_1_n_0                                                                              |                1 |              8 |         8.00 |
|  axi_system_i/clk_wiz_1/inst/clk_out1                        | axi_system_i/gpio_0/inst/gpio_v1_0_S00_AXI_inst/p_1_in[7]                                                                                                                                                    | axi_system_i/gpio_0/inst/gpio_v1_0_S00_AXI_inst/axi_awready_i_1_n_0                                                                              |                4 |              8 |         2.00 |
|  axi_system_i/clk_wiz_1/inst/clk_out1                        | axi_system_i/gpio_0/inst/gpio_v1_0_S00_AXI_inst/slv_reg2[31]_i_1_n_0                                                                                                                                         | axi_system_i/gpio_0/inst/gpio_v1_0_S00_AXI_inst/axi_awready_i_1_n_0                                                                              |                1 |              8 |         8.00 |
|  axi_system_i/clk_wiz_1/inst/clk_out1                        | axi_system_i/gpio_0/inst/gpio_v1_0_S00_AXI_inst/slv_reg3[31]_i_1_n_0                                                                                                                                         | axi_system_i/gpio_0/inst/gpio_v1_0_S00_AXI_inst/axi_awready_i_1_n_0                                                                              |                2 |              8 |         4.00 |
|  axi_system_i/clk_wiz_1/inst/clk_out1                        | axi_system_i/gpio_0/inst/gpio_v1_0_S00_AXI_inst/slv_reg3[23]_i_1_n_0                                                                                                                                         | axi_system_i/gpio_0/inst/gpio_v1_0_S00_AXI_inst/axi_awready_i_1_n_0                                                                              |                1 |              8 |         8.00 |
|  axi_system_i/clk_wiz_1/inst/clk_out1                        | axi_system_i/gpio_0/inst/gpio_v1_0_S00_AXI_inst/slv_reg2[23]_i_1_n_0                                                                                                                                         | axi_system_i/gpio_0/inst/gpio_v1_0_S00_AXI_inst/axi_awready_i_1_n_0                                                                              |                1 |              8 |         8.00 |
|  axi_system_i/clk_wiz_1/inst/clk_out1                        | axi_system_i/gpio_0/inst/gpio_v1_0_S00_AXI_inst/slv_reg3[7]_i_1_n_0                                                                                                                                          | axi_system_i/gpio_0/inst/gpio_v1_0_S00_AXI_inst/axi_awready_i_1_n_0                                                                              |                4 |              8 |         2.00 |
|  axi_system_i/clk_wiz_1/inst/clk_out1                        | axi_system_i/gpio_0/inst/gpio_v1_0_S00_AXI_inst/slv_reg2[7]_i_1_n_0                                                                                                                                          | axi_system_i/gpio_0/inst/gpio_v1_0_S00_AXI_inst/axi_awready_i_1_n_0                                                                              |                4 |              8 |         2.00 |
|  axi_system_i/clk_wiz_1/inst/clk_out1                        | axi_system_i/axi_intc_0/U0/AXI_LITE_IPIF_I/I_SLAVE_ATTACHMENT/bus2ip_addr_i[8]_i_1_n_0                                                                                                                       | axi_system_i/axi_intc_0/U0/AXI_LITE_IPIF_I/I_SLAVE_ATTACHMENT/rst                                                                                |                2 |              8 |         4.00 |
|  axi_system_i/clk_wiz_1/inst/clk_out1                        | axi_system_i/gpio_3/inst/gpio_v1_0_S00_AXI_inst/slv_reg2[15]_i_1_n_0                                                                                                                                         | axi_system_i/gpio_3/inst/gpio_v1_0_S00_AXI_inst/axi_awready_i_1_n_0                                                                              |                1 |              8 |         8.00 |
|  axi_system_i/clk_wiz_1/inst/clk_out1                        | axi_system_i/gpio_2/inst/gpio_v1_0_S00_AXI_inst/slv_reg3[31]_i_1_n_0                                                                                                                                         | axi_system_i/gpio_2/inst/gpio_v1_0_S00_AXI_inst/axi_awready_i_1_n_0                                                                              |                1 |              8 |         8.00 |
|  axi_system_i/clk_wiz_1/inst/clk_out1                        | axi_system_i/gpio_3/inst/gpio_v1_0_S00_AXI_inst/slv_reg3[7]_i_1_n_0                                                                                                                                          | axi_system_i/gpio_3/inst/gpio_v1_0_S00_AXI_inst/axi_awready_i_1_n_0                                                                              |                1 |              8 |         8.00 |
|  axi_system_i/clk_wiz_1/inst/clk_out1                        | axi_system_i/gpio_3/inst/gpio_v1_0_S00_AXI_inst/slv_reg3[15]_i_1_n_0                                                                                                                                         | axi_system_i/gpio_3/inst/gpio_v1_0_S00_AXI_inst/axi_awready_i_1_n_0                                                                              |                2 |              8 |         4.00 |
|  axi_system_i/clk_wiz_1/inst/clk_out1                        | axi_system_i/gpio_3/inst/gpio_v1_0_S00_AXI_inst/slv_reg3[23]_i_1_n_0                                                                                                                                         | axi_system_i/gpio_3/inst/gpio_v1_0_S00_AXI_inst/axi_awready_i_1_n_0                                                                              |                2 |              8 |         4.00 |
|  axi_system_i/clk_wiz_1/inst/clk_out1                        | axi_system_i/gpio_3/inst/gpio_v1_0_S00_AXI_inst/slv_reg2[31]_i_1_n_0                                                                                                                                         | axi_system_i/gpio_3/inst/gpio_v1_0_S00_AXI_inst/axi_awready_i_1_n_0                                                                              |                1 |              8 |         8.00 |
|  axi_system_i/clk_wiz_1/inst/clk_out1                        | axi_system_i/gpio_3/inst/gpio_v1_0_S00_AXI_inst/slv_reg2[7]_i_1_n_0                                                                                                                                          | axi_system_i/gpio_3/inst/gpio_v1_0_S00_AXI_inst/axi_awready_i_1_n_0                                                                              |                1 |              8 |         8.00 |
|  axi_system_i/clk_wiz_1/inst/clk_out1                        | axi_system_i/gpio_3/inst/gpio_v1_0_S00_AXI_inst/p_1_in[7]                                                                                                                                                    | axi_system_i/gpio_3/inst/gpio_v1_0_S00_AXI_inst/axi_awready_i_1_n_0                                                                              |                2 |              8 |         4.00 |
|  axi_system_i/clk_wiz_1/inst/clk_out1                        | axi_system_i/gpio_3/inst/gpio_v1_0_S00_AXI_inst/p_1_in[31]                                                                                                                                                   | axi_system_i/gpio_3/inst/gpio_v1_0_S00_AXI_inst/axi_awready_i_1_n_0                                                                              |                1 |              8 |         8.00 |
|  axi_system_i/clk_wiz_1/inst/clk_out1                        | axi_system_i/gpio_3/inst/gpio_v1_0_S00_AXI_inst/slv_reg2[23]_i_1_n_0                                                                                                                                         | axi_system_i/gpio_3/inst/gpio_v1_0_S00_AXI_inst/axi_awready_i_1_n_0                                                                              |                1 |              8 |         8.00 |
|  axi_system_i/clk_wiz_1/inst/clk_out1                        | axi_system_i/gpio_3/inst/gpio_v1_0_S00_AXI_inst/p_1_in[8]                                                                                                                                                    | axi_system_i/gpio_3/inst/gpio_v1_0_S00_AXI_inst/axi_awready_i_1_n_0                                                                              |                2 |              8 |         4.00 |
|  axi_system_i/clk_wiz_1/inst/clk_out1                        | axi_system_i/gpio_3/inst/gpio_v1_0_S00_AXI_inst/p_1_in[16]                                                                                                                                                   | axi_system_i/gpio_3/inst/gpio_v1_0_S00_AXI_inst/axi_awready_i_1_n_0                                                                              |                2 |              8 |         4.00 |
|  axi_system_i/clk_wiz_1/inst/clk_out1                        | axi_system_i/gpio_lcd_bl/inst/gpio_v1_0_S00_AXI_inst/slv_reg2[31]_i_1_n_0                                                                                                                                    | axi_system_i/gpio_lcd_bl/inst/gpio_v1_0_S00_AXI_inst/axi_awready_i_1_n_0                                                                         |                1 |              8 |         8.00 |
|  axi_system_i/clk_wiz_1/inst/clk_out1                        | axi_system_i/gpio_lcd_bl/inst/gpio_v1_0_S00_AXI_inst/slv_reg3[7]_i_1_n_0                                                                                                                                     | axi_system_i/gpio_lcd_bl/inst/gpio_v1_0_S00_AXI_inst/axi_awready_i_1_n_0                                                                         |                2 |              8 |         4.00 |
|  axi_system_i/clk_wiz_1/inst/clk_out1                        | axi_system_i/gpio_lcd_bl/inst/gpio_v1_0_S00_AXI_inst/slv_reg2[7]_i_1_n_0                                                                                                                                     | axi_system_i/gpio_lcd_bl/inst/gpio_v1_0_S00_AXI_inst/axi_awready_i_1_n_0                                                                         |                1 |              8 |         8.00 |
|  axi_system_i/clk_wiz_1/inst/clk_out1                        | axi_system_i/gpio_lcd_bl/inst/gpio_v1_0_S00_AXI_inst/p_1_in[7]                                                                                                                                               | axi_system_i/gpio_lcd_bl/inst/gpio_v1_0_S00_AXI_inst/axi_awready_i_1_n_0                                                                         |                2 |              8 |         4.00 |
|  axi_system_i/clk_wiz_1/inst/clk_out1                        | axi_system_i/gpio_lcd_bl/inst/gpio_v1_0_S00_AXI_inst/slv_reg3[23]_i_1_n_0                                                                                                                                    | axi_system_i/gpio_lcd_bl/inst/gpio_v1_0_S00_AXI_inst/axi_awready_i_1_n_0                                                                         |                2 |              8 |         4.00 |
|  axi_system_i/clk_wiz_1/inst/clk_out1                        | axi_system_i/gpio_lcd_bl/inst/gpio_v1_0_S00_AXI_inst/p_1_in[8]                                                                                                                                               | axi_system_i/gpio_lcd_bl/inst/gpio_v1_0_S00_AXI_inst/axi_awready_i_1_n_0                                                                         |                1 |              8 |         8.00 |
|  axi_system_i/clk_wiz_1/inst/clk_out1                        | axi_system_i/gpio_lcd_bl/inst/gpio_v1_0_S00_AXI_inst/p_1_in[16]                                                                                                                                              | axi_system_i/gpio_lcd_bl/inst/gpio_v1_0_S00_AXI_inst/axi_awready_i_1_n_0                                                                         |                1 |              8 |         8.00 |
|  axi_system_i/clk_wiz_1/inst/clk_out1                        | axi_system_i/gpio_lcd_bl/inst/gpio_v1_0_S00_AXI_inst/slv_reg2[23]_i_1_n_0                                                                                                                                    | axi_system_i/gpio_lcd_bl/inst/gpio_v1_0_S00_AXI_inst/axi_awready_i_1_n_0                                                                         |                1 |              8 |         8.00 |
|  axi_system_i/clk_wiz_1/inst/clk_out1                        | axi_system_i/gpio_lcd_bl/inst/gpio_v1_0_S00_AXI_inst/p_1_in[31]                                                                                                                                              | axi_system_i/gpio_lcd_bl/inst/gpio_v1_0_S00_AXI_inst/axi_awready_i_1_n_0                                                                         |                1 |              8 |         8.00 |
|  axi_system_i/clk_wiz_1/inst/clk_out1                        | axi_system_i/gpio_lcd_bl/inst/gpio_v1_0_S00_AXI_inst/slv_reg3[15]_i_1_n_0                                                                                                                                    | axi_system_i/gpio_lcd_bl/inst/gpio_v1_0_S00_AXI_inst/axi_awready_i_1_n_0                                                                         |                2 |              8 |         4.00 |
|  axi_system_i/clk_wiz_1/inst/clk_out1                        | axi_system_i/gpio_lcd_bl/inst/gpio_v1_0_S00_AXI_inst/slv_reg3[31]_i_1_n_0                                                                                                                                    | axi_system_i/gpio_lcd_bl/inst/gpio_v1_0_S00_AXI_inst/axi_awready_i_1_n_0                                                                         |                2 |              8 |         4.00 |
|  axi_system_i/clk_wiz_1/inst/clk_out1                        | axi_system_i/gpio_1/inst/gpio_v1_0_S00_AXI_inst/slv_reg2[7]_i_1_n_0                                                                                                                                          | axi_system_i/gpio_1/inst/gpio_v1_0_S00_AXI_inst/axi_awready_i_1_n_0                                                                              |                1 |              8 |         8.00 |
|  axi_system_i/clk_wiz_1/inst/clk_out1                        | axi_system_i/gpio_1/inst/gpio_v1_0_S00_AXI_inst/p_1_in[7]                                                                                                                                                    | axi_system_i/gpio_1/inst/gpio_v1_0_S00_AXI_inst/axi_awready_i_1_n_0                                                                              |                2 |              8 |         4.00 |
|  axi_system_i/clk_wiz_1/inst/clk_out1                        | axi_system_i/gpio_1/inst/gpio_v1_0_S00_AXI_inst/p_1_in[16]                                                                                                                                                   | axi_system_i/gpio_1/inst/gpio_v1_0_S00_AXI_inst/axi_awready_i_1_n_0                                                                              |                3 |              8 |         2.67 |
|  axi_system_i/clk_wiz_1/inst/clk_out1                        | axi_system_i/gpio_1/inst/gpio_v1_0_S00_AXI_inst/slv_reg2[31]_i_1_n_0                                                                                                                                         | axi_system_i/gpio_1/inst/gpio_v1_0_S00_AXI_inst/axi_awready_i_1_n_0                                                                              |                1 |              8 |         8.00 |
|  axi_system_i/clk_wiz_1/inst/clk_out1                        | axi_system_i/gpio_1/inst/gpio_v1_0_S00_AXI_inst/p_1_in[8]                                                                                                                                                    | axi_system_i/gpio_1/inst/gpio_v1_0_S00_AXI_inst/axi_awready_i_1_n_0                                                                              |                1 |              8 |         8.00 |
|  axi_system_i/clk_wiz_1/inst/clk_out1                        | axi_system_i/gpio_1/inst/gpio_v1_0_S00_AXI_inst/p_1_in[31]                                                                                                                                                   | axi_system_i/gpio_1/inst/gpio_v1_0_S00_AXI_inst/axi_awready_i_1_n_0                                                                              |                2 |              8 |         4.00 |
|  axi_system_i/clk_wiz_1/inst/clk_out1                        | axi_system_i/gpio_1/inst/gpio_v1_0_S00_AXI_inst/slv_reg2[15]_i_1_n_0                                                                                                                                         | axi_system_i/gpio_1/inst/gpio_v1_0_S00_AXI_inst/axi_awready_i_1_n_0                                                                              |                1 |              8 |         8.00 |
|  axi_system_i/clk_wiz_1/inst/clk_out1                        | axi_system_i/gpio_1/inst/gpio_v1_0_S00_AXI_inst/slv_reg2[23]_i_1_n_0                                                                                                                                         | axi_system_i/gpio_1/inst/gpio_v1_0_S00_AXI_inst/axi_awready_i_1_n_0                                                                              |                1 |              8 |         8.00 |
|  axi_system_i/clk_wiz_1/inst/clk_out1                        | axi_system_i/gpio_1/inst/gpio_v1_0_S00_AXI_inst/slv_reg3[15]_i_1_n_0                                                                                                                                         | axi_system_i/gpio_1/inst/gpio_v1_0_S00_AXI_inst/axi_awready_i_1_n_0                                                                              |                1 |              8 |         8.00 |
|  axi_system_i/clk_wiz_1/inst/clk_out1                        |                                                                                                                                                                                                              | axi_system_i/gpio_0/inst/gpio_v1_0_S00_AXI_inst/axi_awready_i_1_n_0                                                                              |                4 |             10 |         2.50 |
|  axi_system_i/clk_wiz_1/inst/clk_out1                        | axi_system_i/spi_axi_0/inst/u_spi_master/cpol_r                                                                                                                                                              | axi_system_i/spi_axi_0/inst/spi_axi_v1_0_S00_AXI_inst/ACTIVE_LOW_PR_OUT_DFF[0].FDRE_PER_N                                                        |                2 |             10 |         5.00 |
|  axi_system_i/clk_wiz_1/inst/clk_out1                        |                                                                                                                                                                                                              | axi_system_i/timer_two_0/inst/timer_two_v1_0_S00_AXI_inst/SR[0]                                                                                  |                4 |             10 |         2.50 |
|  axi_system_i/clk_wiz_1/inst/clk_out1                        |                                                                                                                                                                                                              | axi_system_i/gpio_3/inst/gpio_v1_0_S00_AXI_inst/axi_awready_i_1_n_0                                                                              |                3 |             10 |         3.33 |
|  axi_system_i/clk_wiz_1/inst/clk_out1                        |                                                                                                                                                                                                              | axi_system_i/gpio_lcd_bl/inst/gpio_v1_0_S00_AXI_inst/axi_awready_i_1_n_0                                                                         |                3 |             10 |         3.33 |
|  axi_system_i/clk_wiz_1/inst/clk_out1                        |                                                                                                                                                                                                              | axi_system_i/gpio_1/inst/gpio_v1_0_S00_AXI_inst/axi_awready_i_1_n_0                                                                              |                3 |             10 |         3.33 |
|  axi_system_i/clk_wiz_1/inst/clk_out1                        |                                                                                                                                                                                                              | axi_system_i/gpio_2/inst/gpio_v1_0_S00_AXI_inst/axi_awready_i_1_n_0                                                                              |                3 |             10 |         3.33 |
|  axi_system_i/mdm_1/U0/No_Dbg_Reg_Access.BUFG_DRCK/Dbg_Clk_0 | axi_system_i/mdm_1/U0/MDM_Core_I1/JTAG_CONTROL_I/Use_BSCAN.FDC_I/Use_Serial_Unified_Completion.completion_block_reg                                                                                          |                                                                                                                                                  |                4 |             10 |         2.50 |
|  axi_system_i/clk_wiz_1/inst/clk_out1                        | axi_system_i/uart_two_0/inst/U_UART/u_tx/clk_cnt_0                                                                                                                                                           | axi_system_i/uart_two_0/inst/uart_two_v1_0_S00_AXI_inst/SR[0]                                                                                    |                4 |             11 |         2.75 |
|  axi_system_i/clk_wiz_1/inst/clk_out1                        |                                                                                                                                                                                                              | axi_system_i/axi_intc_0/U0/INTC_CORE_I/SR[0]                                                                                                     |                4 |             11 |         2.75 |
|  axi_system_i/clk_wiz_1/inst/clk_out1                        |                                                                                                                                                                                                              | axi_system_i/axi_intc_0/U0/AXI_LITE_IPIF_I/I_SLAVE_ATTACHMENT/rst                                                                                |                4 |             11 |         2.75 |
|  axi_system_i/clk_wiz_1/inst/clk_out1                        | axi_system_i/microblaze_0/U0/MicroBlaze_Core_I/Performance.Core/Decode_I/PreFetch_Buffer_I1/Instruction_Prefetch_Mux[4].Gen_Instr_DFF/E[0]                                                                   | axi_system_i/microblaze_0/U0/MicroBlaze_Core_I/sync_reset                                                                                        |                5 |             16 |         3.20 |
|  axi_system_i/clk_wiz_1/inst/clk_out1                        |                                                                                                                                                                                                              | axi_system_i/microblaze_0_axi_periph/xbar/inst/gen_sasd.crossbar_sasd_0/addr_arbiter_inst/SR[0]                                                  |                8 |             17 |         2.12 |
|  axi_system_i/clk_wiz_1/inst/clk_out1                        | axi_system_i/axi_intc_0/U0/AXI_LITE_IPIF_I/I_SLAVE_ATTACHMENT/start2                                                                                                                                         | axi_system_i/axi_intc_0/U0/AXI_LITE_IPIF_I/I_SLAVE_ATTACHMENT/I_DECODER/cs_ce_clr                                                                |                6 |             19 |         3.17 |
|  axi_system_i/clk_wiz_1/inst/clk_out1                        | axi_system_i/microblaze_0/U0/MicroBlaze_Core_I/Performance.Core/Decode_I/mem_wait_on_ready_N_carry_or/MUXCY_I/lopt_1                                                                                         | axi_system_i/microblaze_0/U0/MicroBlaze_Core_I/sync_reset                                                                                        |                8 |             21 |         2.62 |
|  axi_system_i/clk_wiz_1/inst/clk_out1                        | axi_system_i/microblaze_0_axi_periph/xbar/inst/gen_sasd.crossbar_sasd_0/addr_arbiter_inst/p_0_in1_in                                                                                                         | axi_system_i/microblaze_0_axi_periph/xbar/inst/gen_sasd.crossbar_sasd_0/addr_arbiter_inst/SR[0]                                                  |                5 |             23 |         4.60 |
|  axi_system_i/mdm_1/U0/No_Dbg_Reg_Access.BUFG_DRCK/Dbg_Clk_0 |                                                                                                                                                                                                              | axi_system_i/mdm_1/U0/Use_E2.BSCAN_I/Use_E2.BSCANE2_I_0                                                                                          |                5 |             23 |         4.60 |
|  axi_system_i/clk_wiz_1/inst/clk_out1                        |                                                                                                                                                                                                              | axi_system_i/timer_two_0/inst/timer_two_v1_0_S00_AXI_inst/slv_reg0_reg[0]_0                                                                      |                8 |             32 |         4.00 |
|  axi_system_i/clk_wiz_1/inst/clk_out1                        | axi_system_i/spi_axi_0/inst/spi_axi_v1_0_S00_AXI_inst/spi_clkdiv_2                                                                                                                                           | axi_system_i/spi_axi_0/inst/spi_axi_v1_0_S00_AXI_inst/ACTIVE_LOW_PR_OUT_DFF[0].FDRE_PER_N                                                        |                5 |             32 |         6.40 |
|  axi_system_i/clk_wiz_1/inst/clk_out1                        |                                                                                                                                                                                                              | axi_system_i/microblaze_0/U0/MicroBlaze_Core_I/Performance.Core/wb_dlmb_valid_read_data0                                                         |                7 |             32 |         4.57 |
|  axi_system_i/clk_wiz_1/inst/clk_out1                        | axi_system_i/spi_axi_0/inst/spi_axi_v1_0_S00_AXI_inst/spi_m_txd_1                                                                                                                                            | axi_system_i/spi_axi_0/inst/spi_axi_v1_0_S00_AXI_inst/ACTIVE_LOW_PR_OUT_DFF[0].FDRE_PER_N                                                        |                7 |             32 |         4.57 |
|  axi_system_i/clk_wiz_1/inst/clk_out1                        | axi_system_i/spi_axi_0/inst/spi_axi_v1_0_S00_AXI_inst/slv_reg_rden__0                                                                                                                                        | axi_system_i/spi_axi_0/inst/spi_axi_v1_0_S00_AXI_inst/ACTIVE_LOW_PR_OUT_DFF[0].FDRE_PER_N                                                        |               19 |             32 |         1.68 |
|  axi_system_i/clk_wiz_1/inst/clk_out1                        | axi_system_i/spi_axi_0/inst/spi_axi_v1_0_S00_AXI_inst/spi_s_txd_0                                                                                                                                            | axi_system_i/spi_axi_0/inst/spi_axi_v1_0_S00_AXI_inst/ACTIVE_LOW_PR_OUT_DFF[0].FDRE_PER_N                                                        |                6 |             32 |         5.33 |
|  axi_system_i/clk_wiz_1/inst/clk_out1                        | axi_system_i/gpio_lcd_bl/inst/gpio_v1_0_S00_AXI_inst/slv_reg_rden__0                                                                                                                                         | axi_system_i/gpio_lcd_bl/inst/gpio_v1_0_S00_AXI_inst/axi_awready_i_1_n_0                                                                         |               10 |             32 |         3.20 |
|  axi_system_i/clk_wiz_1/inst/clk_out1                        | axi_system_i/microblaze_0/U0/MicroBlaze_Core_I/Performance.Core/Decode_I/mem_wait_on_ready_N_carry_or/MUXCY_I/lopt_1                                                                                         |                                                                                                                                                  |                5 |             32 |         6.40 |
|  axi_system_i/clk_wiz_1/inst/clk_out1                        | axi_system_i/microblaze_0/U0/MicroBlaze_Core_I/Performance.Core/Decode_I/mem_wait_on_ready_N_carry_or/MUXCY_I/lopt_1                                                                                         | axi_system_i/microblaze_0/U0/MicroBlaze_Core_I/Performance.Core/Decode_I/SR[0]                                                                   |               10 |             32 |         3.20 |
|  axi_system_i/clk_wiz_1/inst/clk_out1                        | axi_system_i/microblaze_0_axi_periph/xbar/inst/gen_sasd.crossbar_sasd_0/addr_arbiter_inst/s_axi_rvalid[0]                                                                                                    | axi_system_i/microblaze_0/U0/MicroBlaze_Core_I/sync_reset                                                                                        |               10 |             32 |         3.20 |
|  axi_system_i/clk_wiz_1/inst/clk_out1                        | axi_system_i/microblaze_0_axi_periph/xbar/inst/gen_sasd.crossbar_sasd_0/reg_slice_r/aa_rready                                                                                                                |                                                                                                                                                  |                6 |             32 |         5.33 |
|  axi_system_i/mdm_1/U0/No_Dbg_Reg_Access.BUFG_DRCK/Dbg_Clk_0 | axi_system_i/microblaze_0/U0/MicroBlaze_Core_I/Performance.Core/Use_Debug_Logic.Master_Core.Debug_Perf/New_Dbg_Instr_TCK                                                                                     |                                                                                                                                                  |                8 |             32 |         4.00 |
|  axi_system_i/clk_wiz_1/inst/clk_out1                        | axi_system_i/gpio_2/inst/gpio_v1_0_S00_AXI_inst/slv_reg_rden__0                                                                                                                                              | axi_system_i/gpio_2/inst/gpio_v1_0_S00_AXI_inst/axi_awready_i_1_n_0                                                                              |               11 |             32 |         2.91 |
|  axi_system_i/clk_wiz_1/inst/clk_out1                        | axi_system_i/timer_two_0/inst/timer_two_v1_0_S00_AXI_inst/slv_reg_rden__0                                                                                                                                    | axi_system_i/timer_two_0/inst/timer_two_v1_0_S00_AXI_inst/SR[0]                                                                                  |               12 |             32 |         2.67 |
|  axi_system_i/clk_wiz_1/inst/clk_out1                        | axi_system_i/gpio_0/inst/gpio_v1_0_S00_AXI_inst/slv_reg_rden__0                                                                                                                                              | axi_system_i/gpio_0/inst/gpio_v1_0_S00_AXI_inst/axi_awready_i_1_n_0                                                                              |               12 |             32 |         2.67 |
|  axi_system_i/clk_wiz_1/inst/clk_out1                        | axi_system_i/microblaze_0/U0/MicroBlaze_Core_I/Performance.Core/Decode_I/PreFetch_Buffer_I1/Gen_Mux_Select_LUT6[2].Gen_Sel_DFF/Using_FPGA.Native_1[0]                                                        | axi_system_i/microblaze_0/U0/MicroBlaze_Core_I/sync_reset                                                                                        |                7 |             32 |         4.57 |
|  axi_system_i/clk_wiz_1/inst/clk_out1                        | axi_system_i/microblaze_0/U0/MicroBlaze_Core_I/Performance.Core/Decode_I/Use_MuxCy[3].OF_Piperun_Stage/MUXCY_I/Using_FPGA.Native_0                                                                           | axi_system_i/microblaze_0/U0/MicroBlaze_Core_I/Performance.Core/Decode_I/R                                                                       |               10 |             32 |         3.20 |
|  axi_system_i/clk_wiz_1/inst/clk_out1                        | axi_system_i/microblaze_0/U0/MicroBlaze_Core_I/Performance.Core/Use_Debug_Logic.Master_Core.Debug_Perf/data_rd_reg[0]_i_1_n_0                                                                                | axi_system_i/microblaze_0/U0/MicroBlaze_Core_I/sync_reset                                                                                        |                9 |             32 |         3.56 |
|  axi_system_i/clk_wiz_1/inst/clk_out1                        | axi_system_i/uart_two_0/inst/uart_two_v1_0_S00_AXI_inst/uart_cr0__0                                                                                                                                          | axi_system_i/uart_two_0/inst/uart_two_v1_0_S00_AXI_inst/SR[0]                                                                                    |                6 |             32 |         5.33 |
|  axi_system_i/clk_wiz_1/inst/clk_out1                        | axi_system_i/uart_two_0/inst/uart_two_v1_0_S00_AXI_inst/p_3_in                                                                                                                                               | axi_system_i/uart_two_0/inst/uart_two_v1_0_S00_AXI_inst/SR[0]                                                                                    |                9 |             32 |         3.56 |
|  axi_system_i/clk_wiz_1/inst/clk_out1                        | axi_system_i/microblaze_0/U0/MicroBlaze_Core_I/Performance.Core/Decode_I/Use_MuxCy[3].OF_Piperun_Stage/MUXCY_I/E[0]                                                                                          | axi_system_i/microblaze_0/U0/MicroBlaze_Core_I/sync_reset                                                                                        |                5 |             32 |         6.40 |
|  axi_system_i/clk_wiz_1/inst/clk_out1                        | axi_system_i/timer_two_0/inst/timer_two_v1_0_S00_AXI_inst/E[0]                                                                                                                                               | axi_system_i/timer_two_0/inst/timer_two_v1_0_S00_AXI_inst/SR[0]                                                                                  |               10 |             32 |         3.20 |
|  axi_system_i/clk_wiz_1/inst/clk_out1                        | axi_system_i/gpio_1/inst/gpio_v1_0_S00_AXI_inst/slv_reg_rden__0                                                                                                                                              | axi_system_i/gpio_1/inst/gpio_v1_0_S00_AXI_inst/axi_awready_i_1_n_0                                                                              |               12 |             32 |         2.67 |
|  axi_system_i/clk_wiz_1/inst/clk_out1                        | axi_system_i/gpio_3/inst/gpio_v1_0_S00_AXI_inst/slv_reg_rden__0                                                                                                                                              | axi_system_i/gpio_3/inst/gpio_v1_0_S00_AXI_inst/axi_awready_i_1_n_0                                                                              |               11 |             32 |         2.91 |
|  axi_system_i/clk_wiz_1/inst/clk_out1                        | axi_system_i/microblaze_0_axi_periph/xbar/inst/gen_sasd.crossbar_sasd_0/addr_arbiter_inst/E[0]                                                                                                               |                                                                                                                                                  |                9 |             33 |         3.67 |
|  axi_system_i/clk_wiz_1/inst/clk_out1                        | axi_system_i/spi_axi_0/inst/spi_axi_v1_0_S00_AXI_inst/p_0_out[4]                                                                                                                                             | axi_system_i/spi_axi_0/inst/spi_axi_v1_0_S00_AXI_inst/ACTIVE_LOW_PR_OUT_DFF[0].FDRE_PER_N                                                        |                8 |             33 |         4.12 |
|  axi_system_i/clk_wiz_1/inst/clk_out1                        |                                                                                                                                                                                                              | axi_system_i/spi_axi_0/inst/spi_axi_v1_0_S00_AXI_inst/ACTIVE_LOW_PR_OUT_DFF[0].FDRE_PER_N                                                        |               13 |             42 |         3.23 |
|  axi_system_i/clk_wiz_1/inst/clk_out1                        |                                                                                                                                                                                                              | axi_system_i/uart_two_0/inst/uart_two_v1_0_S00_AXI_inst/SR[0]                                                                                    |               16 |             45 |         2.81 |
|  axi_system_i/mdm_1/U0/No_Dbg_Reg_Access.BUFG_DRCK/Dbg_Clk_0 | axi_system_i/mdm_1/U0/Use_E2.BSCAN_I/Use_BSCAN.PORT_Selector_reg[0]                                                                                                                                          |                                                                                                                                                  |               15 |             47 |         3.13 |
|  axi_system_i/clk_wiz_1/inst/clk_out1                        | axi_system_i/microblaze_0/U0/MicroBlaze_Core_I/Performance.Core/Decode_I/PreFetch_Buffer_I1/Instruction_Prefetch_Mux[42].Instr_Mux_MUXF7/Performance_Debug_Control.dbg_freeze_nohalt_reg                     |                                                                                                                                                  |               11 |             75 |         6.82 |
|  axi_system_i/mdm_1/U0/No_Dbg_Reg_Access.BUFG_DRCK/Dbg_Clk_0 |                                                                                                                                                                                                              |                                                                                                                                                  |               25 |             80 |         3.20 |
|  axi_system_i/clk_wiz_1/inst/clk_out1                        | axi_system_i/microblaze_0/U0/MicroBlaze_Core_I/Performance.Core/Decode_I/Use_MuxCy[3].OF_Piperun_Stage/MUXCY_I/Using_FPGA.Native_0                                                                           | axi_system_i/microblaze_0/U0/MicroBlaze_Core_I/sync_reset                                                                                        |               29 |             84 |         2.90 |
|  axi_system_i/clk_wiz_1/inst/clk_out1                        |                                                                                                                                                                                                              |                                                                                                                                                  |               49 |            126 |         2.57 |
|  axi_system_i/clk_wiz_1/inst/clk_out1                        | axi_system_i/microblaze_0/U0/MicroBlaze_Core_I/Performance.Core/Decode_I/WB_GPR_Wr                                                                                                                           |                                                                                                                                                  |               16 |            128 |         8.00 |
|  axi_system_i/clk_wiz_1/inst/clk_out1                        |                                                                                                                                                                                                              | axi_system_i/microblaze_0/U0/MicroBlaze_Core_I/sync_reset                                                                                        |               63 |            155 |         2.46 |
|  axi_system_i/clk_wiz_1/inst/clk_out1                        | axi_system_i/microblaze_0/U0/MicroBlaze_Core_I/Performance.Core/Decode_I/Use_MuxCy[11].OF_Piperun_Stage/MUXCY_I/Using_FPGA.Native_0                                                                          | axi_system_i/microblaze_0/U0/MicroBlaze_Core_I/sync_reset                                                                                        |               73 |            221 |         3.03 |
+--------------------------------------------------------------+--------------------------------------------------------------------------------------------------------------------------------------------------------------------------------------------------------------+--------------------------------------------------------------------------------------------------------------------------------------------------+------------------+----------------+--------------+


