2026-06-30T07:36:47.041291500255-07:36:47 **** Build of project 0630_faxi_spi_uart ****
000-buildplatform.bat 50537 0630_faxi_spi_uart  
000-XSDB Server Channel: tcfchan#8
000-Building the BSP Library for domain  - standalone_microblaze_0 on processor microblaze_0
000-make --no-print-directory seq_libs
000-
000-"Running Make include in microblaze_0/libsrc/bram_v4_5/src"
000-
000-make -C microblaze_0/libsrc/bram_v4_5/src -s include  "SHELL=CMD" "COMPILER=mb-gcc" "ASSEMBLER=mb-as" "ARCHIVER=mb-ar" "COMPILE
000-R_FLAGS=  -O2 -c -mcpu=v11.0 -mlittle-endian -mxl-soft-mul" "EXTRA_COMPILER_FLAGS=-g -ffunction-sections -fdata-sections -Wall 
000--Wextra"
000-
000-"Running Make include in microblaze_0/libsrc/cpu_v2_12/src"
000-
000-make -C microblaze_0/libsrc/cpu_v2_12/src -s include  "SHELL=CMD" "COMPILER=mb-gcc" "ASSEMBLER=mb-as" "ARCHIVER=mb-ar" "COMPILE
000-R_FLAGS=  -O2 -c -mcpu=v11.0 -mlittle-endian -mxl-soft-mul" "EXTRA_COMPILER_FLAGS=-g -ffunction-sections -fdata-sections -Wall 
000--Wextra"
000-
000-"Running Make include in microblaze_0/libsrc/gpio_v1_0/src"
000-
000-make -C microblaze_0/libsrc/gpio_v1_0/src -s include  "SHELL=CMD" "COMPILER=mb-gcc" "ASSEMBLER=mb-as" "ARCHIVER=mb-ar" "COMPILE
000-R_FLAGS=  -O2 -c -mcpu=v11.0 -mlittle-endian -mxl-soft-mul" "EXTRA_COMPILER_FLAGS=-g -ffunction-sections -fdata-sections -Wall 
000--Wextra"
000-
000-"Running Make include in microblaze_0/libsrc/intc_v3_12/src"
000-
000-make -C microblaze_0/libsrc/intc_v3_12/src -s include  "SHELL=CMD" "COMPILER=mb-gcc" "ASSEMBLER=mb-as" "ARCHIVER=mb-ar" "COMPIL
000-ER_FLAGS=  -O2 -c -mcpu=v11.0 -mlittle-endian -mxl-soft-mul" "EXTRA_COMPILER_FLAGS=-g -ffunction-sections -fdata-sections -Wall
000- -Wextra"
000-
000-"Running Make include in microblaze_0/libsrc/spi_axi_v1_0/src"
000-
000-make -C microblaze_0/libsrc/spi_axi_v1_0/src -s include  "SHELL=CMD" "COMPILER=mb-gcc" "ASSEMBLER=mb-as" "ARCHIVER=mb-ar" "COMP
000-ILER_FLAGS=  -O2 -c -mcpu=v11.0 -mlittle-endian -mxl-soft-mul" "EXTRA_COMPILER_FLAGS=-g -ffunction-sections -fdata-sections -Wa
000-ll -Wextra"
000-
000-"Running Make include in microblaze_0/libsrc/standalone_v7_3/src"
000-
000-make -C microblaze_0/libsrc/standalone_v7_3/src -s include  "SHELL=CMD" "COMPILER=mb-gcc" "ASSEMBLER=mb-as" "ARCHIVER=mb-ar" "C
000-OMPILER_FLAGS=  -O2 -c -mcpu=v11.0 -mlittle-endian -mxl-soft-mul" "EXTRA_COMPILER_FLAGS=-g -ffunction-sections -fdata-sections 
000--Wall -Wextra"
000-
000-"Running Make include in microblaze_0/libsrc/timer_two_v1_0/src"
000-
000-make -C microblaze_0/libsrc/timer_two_v1_0/src -s include  "SHELL=CMD" "COMPILER=mb-gcc" "ASSEMBLER=mb-as" "ARCHIVER=mb-ar" "CO
000-MPILER_FLAGS=  -O2 -c -mcpu=v11.0 -mlittle-endian -mxl-soft-mul" "EXTRA_COMPILER_FLAGS=-g -ffunction-sections -fdata-sections -
000-Wall -Wextra"
000-
000-"Running Make include in microblaze_0/libsrc/uart_two_v1_0/src"
000-
000-make -C microblaze_0/libsrc/uart_two_v1_0/src -s include  "SHELL=CMD" "COMPILER=mb-gcc" "ASSEMBLER=mb-as" "ARCHIVER=mb-ar" "COM
000-PILER_FLAGS=  -O2 -c -mcpu=v11.0 -mlittle-endian -mxl-soft-mul" "EXTRA_COMPILER_FLAGS=-g -ffunction-sections -fdata-sections -W
000-all -Wextra"
000-
000-"Running Make libs in microblaze_0/libsrc/gpio_v1_0/src"
000-
000-make -C microblaze_0/libsrc/gpio_v1_0/src -s libs  "SHELL=CMD" "COMPILER=mb-gcc" "ASSEMBLER=mb-as" "ARCHIVER=mb-ar" "COMPILER_F
000-LAGS=  -O2 -c -mcpu=v11.0 -mlittle-endian -mxl-soft-mul" "EXTRA_COMPILER_FLAGS=-g -ffunction-sections -fdata-sections -Wall -We
000-xtra"
000-
000-"Compiling gpio..."
000-
000-gpio_selftest.c: In function 'GPIO_Reg_SelfTest':
000/0630_faxi_spi_uart52-1-1comparison of integer expressions of different signedness: 'u32' {aka 'long unsigned int'} and 'int' [-Wsign-compare]1-gpio_selftest.c:52:53: warning: comparison of integer expressions of different signedness: 'u32' {aka 'long unsigned int'} and 'int' [-Wsign-compare]
000-   52 |    if ( GPIO_mReadReg (baseaddr, read_loop_index*4) != (read_loop_index+1)*READ_WRITE_MUL_FACTOR){
000-      |                                                     ^~
000/0630_faxi_spi_uart36-1-1unused variable 'Index' [-Wunused-variable]1-gpio_selftest.c:36:6: warning: unused variable 'Index' [-Wunused-variable]
000-   36 |  int Index;
000-      |      ^~~~~
000-mb-ar: creating ../../../lib/libxil.a
000-"Running Make libs in microblaze_0/libsrc/spi_axi_v1_0/src"
000-
000-make -C microblaze_0/libsrc/spi_axi_v1_0/src -s libs  "SHELL=CMD" "COMPILER=mb-gcc" "ASSEMBLER=mb-as" "ARCHIVER=mb-ar" "COMPILE
000-R_FLAGS=  -O2 -c -mcpu=v11.0 -mlittle-endian -mxl-soft-mul" "EXTRA_COMPILER_FLAGS=-g -ffunction-sections -fdata-sections -Wall 
000--Wextra"
000-
000-"Compiling spi_axi..."
000-
000-spi_axi_selftest.c: In function 'SPI_AXI_Reg_SelfTest':
000/0630_faxi_spi_uart52-1-1comparison of integer expressions of different signedness: 'u32' {aka 'long unsigned int'} and 'int' [-Wsign-compare]1-spi_axi_selftest.c:52:56: warning: comparison of integer expressions of different signedness: 'u32' {aka 'long unsigned int'} and 'int' [-Wsign-compare]
000-   52 |    if ( SPI_AXI_mReadReg (baseaddr, read_loop_index*4) != (read_loop_index+1)*READ_WRITE_MUL_FACTOR){
000-      |                                                        ^~
000/0630_faxi_spi_uart36-1-1unused variable 'Index' [-Wunused-variable]1-spi_axi_selftest.c:36:6: warning: unused variable 'Index' [-Wunused-variable]
000-   36 |  int Index;
000-      |      ^~~~~
000-"Running Make libs in microblaze_0/libsrc/timer_two_v1_0/src"
000-
000-make -C microblaze_0/libsrc/timer_two_v1_0/src -s libs  "SHELL=CMD" "COMPILER=mb-gcc" "ASSEMBLER=mb-as" "ARCHIVER=mb-ar" "COMPI
000-LER_FLAGS=  -O2 -c -mcpu=v11.0 -mlittle-endian -mxl-soft-mul" "EXTRA_COMPILER_FLAGS=-g -ffunction-sections -fdata-sections -Wal
000-l -Wextra"
000-
000-"Compiling timer_two..."
000-
000-timer_two_selftest.c: In function 'TIMER_TWO_Reg_SelfTest':
000/0630_faxi_spi_uart52-1-1comparison of integer expressions of different signedness: 'u32' {aka 'long unsigned int'} and 'int' [-Wsign-compare]1-timer_two_selftest.c:52:58: warning: comparison of integer expressions of different signedness: 'u32' {aka 'long unsigned int'} and 'int' [-Wsign-compare]
000-   52 |    if ( TIMER_TWO_mReadReg (baseaddr, read_loop_index*4) != (read_loop_index+1)*READ_WRITE_MUL_FACTOR){
000-      |                                                          ^~
000/0630_faxi_spi_uart36-1-1unused variable 'Index' [-Wunused-variable]1-timer_two_selftest.c:36:6: warning: unused variable 'Index' [-Wunused-variable]
000-   36 |  int Index;
000-      |      ^~~~~
000-"Running Make libs in microblaze_0/libsrc/uart_two_v1_0/src"
000-
000-make -C microblaze_0/libsrc/uart_two_v1_0/src -s libs  "SHELL=CMD" "COMPILER=mb-gcc" "ASSEMBLER=mb-as" "ARCHIVER=mb-ar" "COMPIL
000-ER_FLAGS=  -O2 -c -mcpu=v11.0 -mlittle-endian -mxl-soft-mul" "EXTRA_COMPILER_FLAGS=-g -ffunction-sections -fdata-sections -Wall
000- -Wextra"
000-
000-"Compiling uart_two..."
000-
000-uart_two_selftest.c: In function 'UART_TWO_Reg_SelfTest':
000/0630_faxi_spi_uart52-1-1comparison of integer expressions of different signedness: 'u32' {aka 'long unsigned int'} and 'int' [-Wsign-compare]1-uart_two_selftest.c:52:57: warning: comparison of integer expressions of different signedness: 'u32' {aka 'long unsigned int'} and 'int' [-Wsign-compare]
000-   52 |    if ( UART_TWO_mReadReg (baseaddr, read_loop_index*4) != (read_loop_index+1)*READ_WRITE_MUL_FACTOR){
000-      |                                                         ^~
000/0630_faxi_spi_uart36-1-1unused variable 'Index' [-Wunused-variable]1-uart_two_selftest.c:36:6: warning: unused variable 'Index' [-Wunused-variable]
000-   36 |  int Index;
000-      |      ^~~~~
000-'Finished building libraries sequentially.'
000-
000-make -j --no-print-directory par_libs
000-
000-"Running Make include in microblaze_0/libsrc/bram_v4_5/src"
000-
000-make -C microblaze_0/libsrc/bram_v4_5/src -s include  "SHELL=CMD" "COMPILER=mb-gcc" "ASSEMBLER=mb-as" "ARCHIVER=mb-ar" "COMPILE
000-R_FLAGS=  -O2 -c -mcpu=v11.0 -mlittle-endian -mxl-soft-mul" "EXTRA_COMPILER_FLAGS=-g -ffunction-sections -fdata-sections -Wall 
000--Wextra"
000-
000-"Running Make include in microblaze_0/libsrc/cpu_v2_12/src"
000-
000-make -C microblaze_0/libsrc/cpu_v2_12/src -s include  "SHELL=CMD" "COMPILER=mb-gcc" "ASSEMBLER=mb-as" "ARCHIVER=mb-ar" "COMPILE
000-R_FLAGS=  -O2 -c -mcpu=v11.0 -mlittle-endian -mxl-soft-mul" "EXTRA_COMPILER_FLAGS=-g -ffunction-sections -fdata-sections -Wall 
000--Wextra"
000-
000-"Running Make include in microblaze_0/libsrc/gpio_v1_0/src"
000-
000-make -C microblaze_0/libsrc/gpio_v1_0/src -s include  "SHELL=CMD" "COMPILER=mb-gcc" "ASSEMBLER=mb-as" "ARCHIVER=mb-ar" "COMPILE
000-R_FLAGS=  -O2 -c -mcpu=v11.0 -mlittle-endian -mxl-soft-mul" "EXTRA_COMPILER_FLAGS=-g -ffunction-sections -fdata-sections -Wall 
000--Wextra"
000-
000-"Running Make include in microblaze_0/libsrc/intc_v3_12/src"
000-
000-make -C microblaze_0/libsrc/intc_v3_12/src -s include  "SHELL=CMD" "COMPILER=mb-gcc" "ASSEMBLER=mb-as" "ARCHIVER=mb-ar" "COMPIL
000-ER_FLAGS=  -O2 -c -mcpu=v11.0 -mlittle-endian -mxl-soft-mul" "EXTRA_COMPILER_FLAGS=-g -ffunction-sections -fdata-sections -Wall
000- -Wextra"
000-
000-"Running Make include in microblaze_0/libsrc/spi_axi_v1_0/src"
000-
000-make -C microblaze_0/libsrc/spi_axi_v1_0/src -s include  "SHELL=CMD" "COMPILER=mb-gcc" "ASSEMBLER=mb-as" "ARCHIVER=mb-ar" "COMP
000-ILER_FLAGS=  -O2 -c -mcpu=v11.0 -mlittle-endian -mxl-soft-mul" "EXTRA_COMPILER_FLAGS=-g -ffunction-sections -fdata-sections -Wa
000-ll -Wextra"
000-
000-"Running Make include in microblaze_0/libsrc/standalone_v7_3/src"
000-
000-make -C microblaze_0/libsrc/standalone_v7_3/src -s include  "SHELL=CMD" "COMPILER=mb-gcc" "ASSEMBLER=mb-as" "ARCHIVER=mb-ar" "C
000-OMPILER_FLAGS=  -O2 -c -mcpu=v11.0 -mlittle-endian -mxl-soft-mul" "EXTRA_COMPILER_FLAGS=-g -ffunction-sections -fdata-sections 
000--Wall -Wextra"
000-
000-"Running Make include in microblaze_0/libsrc/timer_two_v1_0/src"
000-
000-make -C microblaze_0/libsrc/timer_two_v1_0/src -s include  "SHELL=CMD" "COMPILER=mb-gcc" "ASSEMBLER=mb-as" "ARCHIVER=mb-ar" "CO
000-MPILER_FLAGS=  -O2 -c -mcpu=v11.0 -mlittle-endian -mxl-soft-mul" "EXTRA_COMPILER_FLAGS=-g -ffunction-sections -fdata-sections -
000-Wall -Wextra"
000-
000-"Running Make include in microblaze_0/libsrc/uart_two_v1_0/src"
000-
000-make -C microblaze_0/libsrc/uart_two_v1_0/src -s include  "SHELL=CMD" "COMPILER=mb-gcc" "ASSEMBLER=mb-as" "ARCHIVER=mb-ar" "COM
000-PILER_FLAGS=  -O2 -c -mcpu=v11.0 -mlittle-endian -mxl-soft-mul" "EXTRA_COMPILER_FLAGS=-g -ffunction-sections -fdata-sections -W
000-all -Wextra"
000-
000-"Running Make libs in microblaze_0/libsrc/bram_v4_5/src"
000-
000-make -C microblaze_0/libsrc/bram_v4_5/src -s libs  "SHELL=CMD" "COMPILER=mb-gcc" "ASSEMBLER=mb-as" "ARCHIVER=mb-ar" "COMPILER_F
000-LAGS=  -O2 -c -mcpu=v11.0 -mlittle-endian -mxl-soft-mul" "EXTRA_COMPILER_FLAGS=-g -ffunction-sections -fdata-sections -Wall -We
000-xtra"
000-
000-"Running Make libs in microblaze_0/libsrc/cpu_v2_12/src"
000-
000-make -C microblaze_0/libsrc/cpu_v2_12/src -s libs  "SHELL=CMD" "COMPILER=mb-gcc" "ASSEMBLER=mb-as" "ARCHIVER=mb-ar" "COMPILER_F
000-LAGS=  -O2 -c -mcpu=v11.0 -mlittle-endian -mxl-soft-mul" "EXTRA_COMPILER_FLAGS=-g -ffunction-sections -fdata-sections -Wall -We
000-xtra"
000-
000-"Running Make libs in microblaze_0/libsrc/intc_v3_12/src"
000-
000-make -C microblaze_0/libsrc/intc_v3_12/src -s libs  "SHELL=CMD" "COMPILER=mb-gcc" "ASSEMBLER=mb-as" "ARCHIVER=mb-ar" "COMPILER_
000-FLAGS=  -O2 -c -mcpu=v11.0 -mlittle-endian -mxl-soft-mul" "EXTRA_COMPILER_FLAGS=-g -ffunction-sections -fdata-sections -Wall -W
000-extra"
000-
000-"Running Make libs in microblaze_0/libsrc/standalone_v7_3/src"
000-
000-make -C microblaze_0/libsrc/standalone_v7_3/src -s libs  "SHELL=CMD" "COMPILER=mb-gcc" "ASSEMBLER=mb-as" "ARCHIVER=mb-ar" "COMP
000-ILER_FLAGS=  -O2 -c -mcpu=v11.0 -mlittle-endian -mxl-soft-mul" "EXTRA_COMPILER_FLAGS=-g -ffunction-sections -fdata-sections -Wa
000-ll -Wextra"
000-
000/0630_faxi_spi_uart55-1-1#pragma message: For the sleep routines, assembly instructions are used0-microblaze_sleep.c:55:9: note: #pragma message: For the sleep routines, assembly instructions are used
000-   55 | #pragma message ("For the sleep routines, assembly instructions are used")
000-      |         ^~~~~~~
000-"DEBUG NON_LTO_OBJECTS is ../../../lib/microblaze_interrupt_handler.o"
000-
000-'Finished building libraries parallelly.'
000-
000-make --no-print-directory archive
000-
000-mb-ar -r  microblaze_0/lib/libxil.a microblaze_0/lib/xplatform_info.o microblaze_0/lib/microblaze_disable_exceptions.o microbla
000-ze_0/lib/print.o microblaze_0/lib/_exit.o microblaze_0/lib/xil_testio.o microblaze_0/lib/microblaze_disable_dcache.o microblaze
000-_0/lib/microblaze_flush_dcache_range.o microblaze_0/lib/microblaze_flush_cache_ext.o microblaze_0/lib/xbram_sinit.o microblaze_
000-0/lib/xil_misc_psreset_api.o microblaze_0/lib/xil_cache.o microblaze_0/lib/xil_util.o microblaze_0/lib/inbyte.o microblaze_0/li
000-b/xbram_g.o microblaze_0/lib/microblaze_exception_handler.o microblaze_0/lib/microblaze_scrub.o microblaze_0/lib/microblaze_inv
000-alidate_dcache.o microblaze_0/lib/microblaze_disable_interrupts.o microblaze_0/lib/xbram_selftest.o microblaze_0/lib/microblaze
000-_interrupt_handler.o microblaze_0/lib/microblaze_disable_icache.o microblaze_0/lib/xil_mem.o microblaze_0/lib/microblaze_flush_
000-cache_ext_range.o microblaze_0/lib/xbram_intr.o microblaze_0/lib/xil_sleepcommon.o microblaze_0/lib/xil_printf.o microblaze_0/l
000-ib/xintc_g.o microblaze_0/lib/xintc_selftest.o microblaze_0/lib/xintc_l.o microblaze_0/lib/outbyte.o microblaze_0/lib/microblaz
000-e_invalidate_dcache_range.o microblaze_0/lib/microblaze_invalidate_cache_ext.o microblaze_0/lib/microblaze_sleep.o microblaze_0
000-/lib/hw_exception_handler.o microblaze_0/lib/xintc_intr.o microblaze_0/lib/microblaze_update_dcache.o microblaze_0/lib/xil_test
000-cache.o microblaze_0/lib/microblaze_selftest.o microblaze_0/lib/microblaze_interrupts_g.o microblaze_0/lib/microblaze_enable_ex
000-ceptions.o microblaze_0/lib/xio.o microblaze_0/lib/microblaze_enable_dcache.o microblaze_0/lib/xbram.o microblaze_0/lib/microbl
000-aze_invalidate_icache_range.o microblaze_0/lib/microblaze_init_dcache_range.o microblaze_0/lib/microblaze_invalidate_icache.o m
000-icroblaze_0/lib/errno.o microblaze_0/lib/xintc_options.o microblaze_0/lib/microblaze_invalidate_cache_ext_range.o microblaze_0/
000-lib/xil_exception.o microblaze_0/lib/pvr.o microblaze_0/lib/xil_testmem.o microblaze_0/lib/microblaze_update_icache.o microblaz
000-e_0/lib/microblaze_flush_dcache.o microblaze_0/lib/xil_clocking.o microblaze_0/lib/xil_assert.o microblaze_0/lib/microblaze_ena
000-ble_interrupts.o microblaze_0/lib/microblaze_enable_icache.o microblaze_0/lib/xintc.o microblaze_0/lib/fcntl.o microblaze_0/lib
000-/microblaze_init_icache_range.o
000-
000-'Finished building libraries'
000-
00255-
07:36:51 Build Finished (took 4s.261ms)

